// Jest Snapshot v1, https://goo.gl/fbAQLP

exports[`VillagerList component renders VillagerList 1`] = `
<DocumentFragment>
  <ul
    class="villagerList"
    data-title="villagers"
  />
</DocumentFragment>
`;
